src/modules/course/course.service.ts(18,13): error TS2322: Type '{ name: string; }' is not assignable to type 'CourseWhereUniqueInput'.
  Type '{ name: string; }' is not assignable to type '{ id: number; name_branchId: CourseNameBranchIdCompoundUniqueInput; } & { id?: number | undefined; name_branchId?: CourseNameBranchIdCompoundUniqueInput | undefined; ... 14 more ...; groups?: GroupListRelationFilter | undefined; }'.
    Type '{ name: string; }' is missing the following properties from type '{ id: number; name_branchId: CourseNameBranchIdCompoundUniqueInput; }': id, name_branchId
src/modules/course/course.service.ts(26,13): error TS2322: Type '{ price: string; name: string; durationMonth: number; durationLesson: number; level?: CourseLevel; description?: string; }' is not assignable to type '(Without<CourseCreateInput, CourseUncheckedCreateInput> & CourseUncheckedCreateInput) | (Without<...> & CourseCreateInput)'.
  Type '{ price: string; name: string; durationMonth: number; durationLesson: number; level?: CourseLevel; description?: string; }' is not assignable to type 'Without<CourseUncheckedCreateInput, CourseCreateInput> & CourseCreateInput'.
    Property 'branch' is missing in type '{ price: string; name: string; durationMonth: number; durationLesson: number; level?: CourseLevel; description?: string; }' but required in type 'CourseCreateInput'.
src/modules/course/course.service.ts(108,17): error TS2322: Type '{ name: string; }' is not assignable to type 'CourseWhereUniqueInput'.
  Type '{ name: string; }' is not assignable to type '{ id: number; name_branchId: CourseNameBranchIdCompoundUniqueInput; } & { id?: number | undefined; name_branchId?: CourseNameBranchIdCompoundUniqueInput | undefined; ... 14 more ...; groups?: GroupListRelationFilter | undefined; }'.
    Type '{ name: string; }' is missing the following properties from type '{ id: number; name_branchId: CourseNameBranchIdCompoundUniqueInput; }': id, name_branchId
src/modules/group/group.service.ts(385,22): error TS2353: Object literal may only specify known properties, and 'courseId_name' does not exist in type 'GroupWhereUniqueInput'.
src/modules/group/group.service.ts(431,13): error TS2322: Type '{ userId: number; startDate: Date; teacherId: number; roomId: number; courseId: number; name: string; startTime: string; weekDays: WeekDays[]; }' is not assignable to type '(Without<GroupCreateInput, GroupUncheckedCreateInput> & GroupUncheckedCreateInput) | (Without<...> & GroupCreateInput)'.
  Type '{ userId: number; startDate: Date; teacherId: number; roomId: number; courseId: number; name: string; startTime: string; weekDays: WeekDays[]; }' is not assignable to type 'Without<GroupCreateInput, GroupUncheckedCreateInput> & GroupUncheckedCreateInput'.
    Property 'branchId' is missing in type '{ userId: number; startDate: Date; teacherId: number; roomId: number; courseId: number; name: string; startTime: string; weekDays: WeekDays[]; }' but required in type 'GroupUncheckedCreateInput'.
src/modules/group/group.service.ts(509,21): error TS2353: Object literal may only specify known properties, and 'courseId_name' does not exist in type 'GroupWhereUniqueInput'.
src/modules/group/group.service.ts(590,13): error TS2322: Type '{ groupId: number; type: "ARCHIVED"; description: string; }' is not assignable to type '(Without<GroupHistoryCreateInput, GroupHistoryUncheckedCreateInput> & GroupHistoryUncheckedCreateInput) | (Without<...> & GroupHistoryCreateInput)'.
  Type '{ groupId: number; type: "ARCHIVED"; description: string; }' is not assignable to type 'Without<GroupHistoryCreateInput, GroupHistoryUncheckedCreateInput> & GroupHistoryUncheckedCreateInput'.
    Property 'branchId' is missing in type '{ groupId: number; type: "ARCHIVED"; description: string; }' but required in type 'GroupHistoryUncheckedCreateInput'.
src/modules/group/group.service.ts(623,13): error TS2322: Type '{ groupId: number; type: "RESTORED"; description: string; }' is not assignable to type '(Without<GroupHistoryCreateInput, GroupHistoryUncheckedCreateInput> & GroupHistoryUncheckedCreateInput) | (Without<...> & GroupHistoryCreateInput)'.
  Type '{ groupId: number; type: "RESTORED"; description: string; }' is not assignable to type 'Without<GroupHistoryCreateInput, GroupHistoryUncheckedCreateInput> & GroupHistoryUncheckedCreateInput'.
    Property 'branchId' is missing in type '{ groupId: number; type: "RESTORED"; description: string; }' but required in type 'GroupHistoryUncheckedCreateInput'.
src/modules/group/group.service.ts(666,13): error TS2322: Type '{ groupId: number; type: "DELETED"; description: string; }' is not assignable to type '(Without<GroupHistoryCreateInput, GroupHistoryUncheckedCreateInput> & GroupHistoryUncheckedCreateInput) | (Without<...> & GroupHistoryCreateInput)'.
  Type '{ groupId: number; type: "DELETED"; description: string; }' is not assignable to type 'Without<GroupHistoryCreateInput, GroupHistoryUncheckedCreateInput> & GroupHistoryUncheckedCreateInput'.
    Property 'branchId' is missing in type '{ groupId: number; type: "DELETED"; description: string; }' but required in type 'GroupHistoryUncheckedCreateInput'.
src/modules/lesson-videos/lesson-videos.service.ts(24,9): error TS2322: Type '{ lessonId: number; title: string; file: string; teacherId: number | null; userId: number | null; }' is not assignable to type '(Without<LessonVideoCreateInput, LessonVideoUncheckedCreateInput> & LessonVideoUncheckedCreateInput) | (Without<...> & LessonVideoCreateInput)'.
  Type '{ lessonId: number; title: string; file: string; teacherId: number | null; userId: number | null; }' is not assignable to type 'Without<LessonVideoCreateInput, LessonVideoUncheckedCreateInput> & LessonVideoUncheckedCreateInput'.
    Property 'branchId' is missing in type '{ lessonId: number; title: string; file: string; teacherId: number | null; userId: number | null; }' but required in type 'LessonVideoUncheckedCreateInput'.
src/modules/lessons/lessons.service.ts(23,13): error TS2322: Type '{ teacherId: number | null; userId: number | null; groupId: number; title: string; }' is not assignable to type '(Without<LessonCreateInput, LessonUncheckedCreateInput> & LessonUncheckedCreateInput) | (Without<...> & LessonCreateInput)'.
  Type '{ teacherId: number | null; userId: number | null; groupId: number; title: string; }' is not assignable to type 'Without<LessonCreateInput, LessonUncheckedCreateInput> & LessonUncheckedCreateInput'.
    Property 'branchId' is missing in type '{ teacherId: number | null; userId: number | null; groupId: number; title: string; }' but required in type 'LessonUncheckedCreateInput'.
src/modules/lessons/lessons.service.ts(83,21): error TS2322: Type '{ lessonId: number; studentId: number; isPresent: boolean; userId: number; }' is not assignable to type '(Without<AttendanceCreateInput, AttendanceUncheckedCreateInput> & AttendanceUncheckedCreateInput) | (Without<...> & AttendanceCreateInput)'.
  Type '{ lessonId: number; studentId: number; isPresent: boolean; userId: number; }' is not assignable to type 'Without<AttendanceCreateInput, AttendanceUncheckedCreateInput> & AttendanceUncheckedCreateInput'.
    Property 'branchId' is missing in type '{ lessonId: number; studentId: number; isPresent: boolean; userId: number; }' but required in type 'AttendanceUncheckedCreateInput'.
src/modules/rooms/rooms.service.ts(18,13): error TS2322: Type '{ name: string; }' is not assignable to type 'RoomWhereUniqueInput'.
  Type '{ name: string; }' is not assignable to type '{ id: number; name_branchId: RoomNameBranchIdCompoundUniqueInput; } & { id?: number | undefined; name_branchId?: RoomNameBranchIdCompoundUniqueInput | undefined; ... 10 more ...; groups?: GroupListRelationFilter | undefined; }'.
    Type '{ name: string; }' is missing the following properties from type '{ id: number; name_branchId: RoomNameBranchIdCompoundUniqueInput; }': id, name_branchId
src/modules/rooms/rooms.service.ts(26,13): error TS2322: Type 'CreateRoomDto' is not assignable to type '(Without<RoomCreateInput, RoomUncheckedCreateInput> & RoomUncheckedCreateInput) | (Without<...> & RoomCreateInput)'.
  Type 'CreateRoomDto' is not assignable to type 'Without<RoomUncheckedCreateInput, RoomCreateInput> & RoomCreateInput'.
    Property 'branch' is missing in type 'CreateRoomDto' but required in type 'RoomCreateInput'.
src/modules/rooms/rooms.service.ts(101,17): error TS2322: Type '{ name: string; }' is not assignable to type 'RoomWhereUniqueInput'.
  Type '{ name: string; }' is not assignable to type '{ id: number; name_branchId: RoomNameBranchIdCompoundUniqueInput; } & { id?: number | undefined; name_branchId?: RoomNameBranchIdCompoundUniqueInput | undefined; ... 10 more ...; groups?: GroupListRelationFilter | undefined; }'.
    Type '{ name: string; }' is missing the following properties from type '{ id: number; name_branchId: RoomNameBranchIdCompoundUniqueInput; }': id, name_branchId
src/modules/student-group/student-group.service.ts(59,13): error TS2322: Type '{ groupId: number; studentId: number; userId: number; }' is not assignable to type '(Without<StudentGroupCreateInput, StudentGroupUncheckedCreateInput> & StudentGroupUncheckedCreateInput) | (Without<...> & StudentGroupCreateInput)'.
  Type '{ groupId: number; studentId: number; userId: number; }' is not assignable to type 'Without<StudentGroupCreateInput, StudentGroupUncheckedCreateInput> & StudentGroupUncheckedCreateInput'.
    Property 'branchId' is missing in type '{ groupId: number; studentId: number; userId: number; }' but required in type 'StudentGroupUncheckedCreateInput'.
src/modules/students/students.service.ts(39,13): error TS2322: Type '{ email: string; }' is not assignable to type 'StudentWhereUniqueInput'.
  Type '{ email: string; }' is not assignable to type '{ id: number; email_branchId: StudentEmailBranchIdCompoundUniqueInput; phone_branchId: StudentPhoneBranchIdCompoundUniqueInput; } & { ...; }'.
    Type '{ email: string; }' is missing the following properties from type '{ id: number; email_branchId: StudentEmailBranchIdCompoundUniqueInput; phone_branchId: StudentPhoneBranchIdCompoundUniqueInput; }': id, email_branchId, phone_branchId
src/modules/students/students.service.ts(49,13): error TS2322: Type '{ fullName: string; email: string; birth_date: Date; password: any; photo: string | null; }' is not assignable to type '(Without<StudentCreateInput, StudentUncheckedCreateInput> & StudentUncheckedCreateInput) | (Without<...> & StudentCreateInput)'.
  Type '{ fullName: string; email: string; birth_date: Date; password: any; photo: string | null; }' is not assignable to type 'Without<StudentUncheckedCreateInput, StudentCreateInput> & StudentCreateInput'.
    Property 'branch' is missing in type '{ fullName: string; email: string; birth_date: Date; password: any; photo: string | null; }' but required in type 'StudentCreateInput'.
src/modules/students/students.service.ts(388,13): error TS2322: Type '{ studentId: number; type: "ARCHIVED"; description: string; }' is not assignable to type '(Without<StudentHistoryCreateInput, StudentHistoryUncheckedCreateInput> & StudentHistoryUncheckedCreateInput) | (Without<...> & StudentHistoryCreateInput)'.
  Type '{ studentId: number; type: "ARCHIVED"; description: string; }' is not assignable to type 'Without<StudentHistoryCreateInput, StudentHistoryUncheckedCreateInput> & StudentHistoryUncheckedCreateInput'.
    Property 'branchId' is missing in type '{ studentId: number; type: "ARCHIVED"; description: string; }' but required in type 'StudentHistoryUncheckedCreateInput'.
src/modules/students/students.service.ts(422,13): error TS2322: Type '{ studentId: number; type: "RESTORED"; description: string; }' is not assignable to type '(Without<StudentHistoryCreateInput, StudentHistoryUncheckedCreateInput> & StudentHistoryUncheckedCreateInput) | (Without<...> & StudentHistoryCreateInput)'.
  Type '{ studentId: number; type: "RESTORED"; description: string; }' is not assignable to type 'Without<StudentHistoryCreateInput, StudentHistoryUncheckedCreateInput> & StudentHistoryUncheckedCreateInput'.
    Property 'branchId' is missing in type '{ studentId: number; type: "RESTORED"; description: string; }' but required in type 'StudentHistoryUncheckedCreateInput'.
src/modules/students/students.service.ts(465,13): error TS2322: Type '{ studentId: number; type: "DELETED"; description: string; }' is not assignable to type '(Without<StudentHistoryCreateInput, StudentHistoryUncheckedCreateInput> & StudentHistoryUncheckedCreateInput) | (Without<...> & StudentHistoryCreateInput)'.
  Type '{ studentId: number; type: "DELETED"; description: string; }' is not assignable to type 'Without<StudentHistoryCreateInput, StudentHistoryUncheckedCreateInput> & StudentHistoryUncheckedCreateInput'.
    Property 'branchId' is missing in type '{ studentId: number; type: "DELETED"; description: string; }' but required in type 'StudentHistoryUncheckedCreateInput'.
src/modules/teachers/teachers.service.ts(42,13): error TS2322: Type '{ email: string; }' is not assignable to type 'TeacherWhereUniqueInput'.
  Type '{ email: string; }' is not assignable to type '{ id: number; email_branchId: TeacherEmailBranchIdCompoundUniqueInput; phone_branchId: TeacherPhoneBranchIdCompoundUniqueInput; } & { ...; }'.
    Type '{ email: string; }' is missing the following properties from type '{ id: number; email_branchId: TeacherEmailBranchIdCompoundUniqueInput; phone_branchId: TeacherPhoneBranchIdCompoundUniqueInput; }': id, email_branchId, phone_branchId
src/modules/teachers/teachers.service.ts(53,13): error TS2322: Type '{ addedBy: $Enums.Role; password: any; photo: string | null; birth_date: Date | null; fullName: string; email: string; position: string; experience: number; phone?: string; }' is not assignable to type '(Without<TeacherCreateInput, TeacherUncheckedCreateInput> & TeacherUncheckedCreateInput) | (Without<...> & TeacherCreateInput)'.
  Type '{ addedBy: $Enums.Role; password: any; photo: string | null; birth_date: Date | null; fullName: string; email: string; position: string; experience: number; phone?: string; }' is not assignable to type 'Without<TeacherUncheckedCreateInput, TeacherCreateInput> & TeacherCreateInput'.
    Property 'branch' is missing in type '{ addedBy: $Enums.Role; password: any; photo: string | null; birth_date: Date | null; fullName: string; email: string; position: string; experience: number; phone?: string; }' but required in type 'TeacherCreateInput'.
src/modules/teachers/teachers.service.ts(232,13): error TS2322: Type '{ teacherId: number; userId: number; type: "ARCHIVED"; description: string; }' is not assignable to type '(Without<TeacherHistoryCreateInput, TeacherHistoryUncheckedCreateInput> & TeacherHistoryUncheckedCreateInput) | (Without<...> & TeacherHistoryCreateInput)'.
  Type '{ teacherId: number; userId: number; type: "ARCHIVED"; description: string; }' is not assignable to type 'Without<TeacherHistoryCreateInput, TeacherHistoryUncheckedCreateInput> & TeacherHistoryUncheckedCreateInput'.
    Property 'branchId' is missing in type '{ teacherId: number; userId: number; type: "ARCHIVED"; description: string; }' but required in type 'TeacherHistoryUncheckedCreateInput'.
src/modules/teachers/teachers.service.ts(268,13): error TS2322: Type '{ teacherId: number; userId: number; type: "DELETED"; description: string; }' is not assignable to type '(Without<TeacherHistoryCreateInput, TeacherHistoryUncheckedCreateInput> & TeacherHistoryUncheckedCreateInput) | (Without<...> & TeacherHistoryCreateInput)'.
  Type '{ teacherId: number; userId: number; type: "DELETED"; description: string; }' is not assignable to type 'Without<TeacherHistoryCreateInput, TeacherHistoryUncheckedCreateInput> & TeacherHistoryUncheckedCreateInput'.
    Property 'branchId' is missing in type '{ teacherId: number; userId: number; type: "DELETED"; description: string; }' but required in type 'TeacherHistoryUncheckedCreateInput'.
src/modules/teachers/teachers.service.ts(302,13): error TS2322: Type '{ teacherId: number; userId: number; type: "RESTORED"; description: string; }' is not assignable to type '(Without<TeacherHistoryCreateInput, TeacherHistoryUncheckedCreateInput> & TeacherHistoryUncheckedCreateInput) | (Without<...> & TeacherHistoryCreateInput)'.
  Type '{ teacherId: number; userId: number; type: "RESTORED"; description: string; }' is not assignable to type 'Without<TeacherHistoryCreateInput, TeacherHistoryUncheckedCreateInput> & TeacherHistoryUncheckedCreateInput'.
    Property 'branchId' is missing in type '{ teacherId: number; userId: number; type: "RESTORED"; description: string; }' but required in type 'TeacherHistoryUncheckedCreateInput'.
